exports[`Button renders correctly 1`] = `
<button
  class="bvfheR">
  Text
</button>
`;
