exports[`Container renders correctly 1`] = `
<div
  class="hghegO">
  Text
</div>
`;
