exports[`SegmentedControl renders correctly 1`] = `
<div
  class="jisqUn">
  <div>
    <button
      data-selected="true"
      value="Button1">
      Button1
    </button>
    <button
      value="Button2">
      Button2
    </button>
    <button
      value="Button3">
      Button3
    </button>
  </div>
</div>
`;
